// Jest Snapshot v1, https://goo.gl/fbAQLP

exports[`<Nav /> renders with children 1`] = `
Array [
  <ul
    className="nav-bar"
    key="nav"
  />,
  <p />,
]
`;
